
> transformafacil-monorepo@1.0.1-CACHEBUST-1737702108000 build
> cd frontend && npm install && npm run build && cd ../backend && npm install && npx prisma generate && npm run build


up to date, audited 685 packages in 1s

166 packages are looking for funding
  run `npm fund` for details

5 vulnerabilities (1 moderate, 4 high)

To address issues that do not require attention, run:
  npm audit fix

To address all issues possible (including breaking changes), run:
  npm audit fix --force

Some issues need review, and may require choosing
a different dependency.

Run `npm audit` for details.

> transformafacil-frontend@1.0.1-CACHEBUST-1737694665421 build
> tsc -b && vite build

vite.config.ts(40,28): error TS1109: Expression expected.
vite.config.ts(40,29): error TS1109: Expression expected.
vite.config.ts(40,30): error TS1003: Identifier expected.
vite.config.ts(40,62): error TS1005: ',' expected.
vite.config.ts(40,65): error TS1002: Unterminated string literal.
vite.config.ts(41,9): error TS1005: ',' expected.
vite.config.ts(41,23): error TS1005: ',' expected.
vite.config.ts(54,7): error TS1005: ',' expected.
vite.config.ts(55,5): error TS1005: ',' expected.
vite.config.ts(56,4): error TS1161: Unterminated regular expression literal.
vite.config.ts(57,3): error TS1128: Declaration or statement expected.
vite.config.ts(57,4): error TS1128: Declaration or statement expected.
vite.config.ts(60,9): error TS1005: ';' expected.
vite.config.ts(61,17): error TS1005: ';' expected.
vite.config.ts(62,21): error TS1005: ';' expected.
vite.config.ts(63,16): error TS1005: ';' expected.
vite.config.ts(65,4): error TS1128: Declaration or statement expected.
vite.config.ts(67,11): error TS1005: ';' expected.
vite.config.ts(69,21): error TS1005: ';' expected.
vite.config.ts(70,17): error TS1005: ';' expected.
vite.config.ts(71,7): error TS1109: Expression expected.
vite.config.ts(74,1): error TS1128: Declaration or statement expected.
vite.config.ts(74,2): error TS1128: Declaration or statement expected.
